=== fix_all_v2 ===
RUN_MODE = 0
actions  = C:\Users\nikhil.mohan\Desktop\Analysis testing\audit\FIX_ACTIONS_FULL.csv

actions loaded
  DELETE  : 2705
  TRIA    : 518
  REORDER : 37

--- Stage 1: delete ---
  present in model : 2705
  already absent   : 0
  [report only] nothing deleted

--- Stage 2: convert collapsed quads to CTRIA3 ---
  [report only] would convert 518 elements

--- Stage 3: reorder crossed quads ---
  [report only] would reorder 37 elements

--- next steps ---
  1. Save a backup of the model
  2. BACKUP_DONE = 1, RUN_MODE = 1
  3. Inspect the one converted element
  4. RUN_MODE = 2
